// Jest Snapshot v1, https://goo.gl/fbAQLP

exports[`If isLoading is true, renders a red color (#f55) Loader 1`] = `
<loader-mock
  color="#f55"
/>
`;

exports[`If there are no selected photo, Modal is not rendered 1`] = `
<gallery-mock
  onClickPhoto={[Function]}
  photos={
    Array [
      Object {
        "description": Object {
          "_content": "Description Photo 1",
        },
        "farm": 1,
        "id": 1,
        "media": "video",
        "owner": "user1",
        "ownername": "user 1",
        "secret": 123456,
        "server": "server1",
        "title": "Photo 1",
      },
      Object {
        "description": Object {
          "_content": "Description Photo 2",
        },
        "farm": 1,
        "id": 2,
        "media": "photo",
        "owner": "user1",
        "ownername": "user 1",
        "secret": 456789,
        "server": "server1",
        "title": "Photo 2",
      },
    ]
  }
/>
`;
